// Jest Snapshot v1, https://goo.gl/fbAQLP

exports[`<List/> renders non-empty list correctly 1`] = `
Object {
  "asFragment": [Function],
  "baseElement": <body>
    <div>
      <div
        class="list-container"
      >
        <div
          class="list-items-container"
        >
          <div>
            <button
              class="add-btn"
            >
              Add Todo
            </button>
          </div>
          <div
            class="list-item"
          >
            <p
              class="item-name"
            >
              Item 1
            </p>
            <p
              class="item-description"
            >
              This is the first item to complete
            </p>
            <p
              class="item-date"
            >
              Yesterday at 4:36 PM
            </p>
            <button
              class="delete-btn"
            >
              Delete
            </button>
            <button
              class="edit-btn"
            >
              Edit
            </button>
          </div>
          <div
            class="list-item"
          >
            <p
              class="item-name"
            >
              Item 2
            </p>
            <p
              class="item-description"
            >
              This is the second item to complete
            </p>
            <p
              class="item-date"
            >
              Yesterday at 4:37 PM
            </p>
            <button
              class="delete-btn"
            >
              Delete
            </button>
            <button
              class="edit-btn"
            >
              Edit
            </button>
          </div>
          <div
            class="list-item"
          >
            <p
              class="item-name"
            >
              Item 3
            </p>
            <p
              class="item-description"
            >
              This is the third item to complete
            </p>
            <p
              class="item-date"
            >
              Yesterday at 4:38 PM
            </p>
            <button
              class="delete-btn"
            >
              Delete
            </button>
            <button
              class="edit-btn"
            >
              Edit
            </button>
          </div>
        </div>
      </div>
    </div>
  </body>,
  "container": <div>
    <div
      class="list-container"
    >
      <div
        class="list-items-container"
      >
        <div>
          <button
            class="add-btn"
          >
            Add Todo
          </button>
        </div>
        <div
          class="list-item"
        >
          <p
            class="item-name"
          >
            Item 1
          </p>
          <p
            class="item-description"
          >
            This is the first item to complete
          </p>
          <p
            class="item-date"
          >
            Yesterday at 4:36 PM
          </p>
          <button
            class="delete-btn"
          >
            Delete
          </button>
          <button
            class="edit-btn"
          >
            Edit
          </button>
        </div>
        <div
          class="list-item"
        >
          <p
            class="item-name"
          >
            Item 2
          </p>
          <p
            class="item-description"
          >
            This is the second item to complete
          </p>
          <p
            class="item-date"
          >
            Yesterday at 4:37 PM
          </p>
          <button
            class="delete-btn"
          >
            Delete
          </button>
          <button
            class="edit-btn"
          >
            Edit
          </button>
        </div>
        <div
          class="list-item"
        >
          <p
            class="item-name"
          >
            Item 3
          </p>
          <p
            class="item-description"
          >
            This is the third item to complete
          </p>
          <p
            class="item-date"
          >
            Yesterday at 4:38 PM
          </p>
          <button
            class="delete-btn"
          >
            Delete
          </button>
          <button
            class="edit-btn"
          >
            Edit
          </button>
        </div>
      </div>
    </div>
  </div>,
  "debug": [Function],
  "findAllByAltText": [Function],
  "findAllByDisplayValue": [Function],
  "findAllByLabelText": [Function],
  "findAllByPlaceholderText": [Function],
  "findAllByRole": [Function],
  "findAllByTestId": [Function],
  "findAllByText": [Function],
  "findAllByTitle": [Function],
  "findByAltText": [Function],
  "findByDisplayValue": [Function],
  "findByLabelText": [Function],
  "findByPlaceholderText": [Function],
  "findByRole": [Function],
  "findByTestId": [Function],
  "findByText": [Function],
  "findByTitle": [Function],
  "getAllByAltText": [Function],
  "getAllByDisplayValue": [Function],
  "getAllByLabelText": [Function],
  "getAllByPlaceholderText": [Function],
  "getAllByRole": [Function],
  "getAllByTestId": [Function],
  "getAllByText": [Function],
  "getAllByTitle": [Function],
  "getByAltText": [Function],
  "getByDisplayValue": [Function],
  "getByLabelText": [Function],
  "getByPlaceholderText": [Function],
  "getByRole": [Function],
  "getByTestId": [Function],
  "getByText": [Function],
  "getByTitle": [Function],
  "queryAllByAltText": [Function],
  "queryAllByDisplayValue": [Function],
  "queryAllByLabelText": [Function],
  "queryAllByPlaceholderText": [Function],
  "queryAllByRole": [Function],
  "queryAllByTestId": [Function],
  "queryAllByText": [Function],
  "queryAllByTitle": [Function],
  "queryByAltText": [Function],
  "queryByDisplayValue": [Function],
  "queryByLabelText": [Function],
  "queryByPlaceholderText": [Function],
  "queryByRole": [Function],
  "queryByTestId": [Function],
  "queryByText": [Function],
  "queryByTitle": [Function],
  "rerender": [Function],
  "unmount": [Function],
}
`;
